This is pdfTeX, Version 3.141592653-2.6-1.40.25 (TeX Live 2023/Debian) (preloaded format=pdflatex 2025.10.13)  28 MAY 2026 19:18
entering extended mode
 \write18 enabled.
 %&-line parsing enabled.
**paper2.tex
(./paper2.tex
LaTeX2e <2023-11-01> patch level 1
L3 programming layer <2024-01-22>
(/usr/share/texlive/texmf-dist/tex/latex/ieeetran/IEEEtran.cls
Document Class: IEEEtran 2015/08/26 V1.8b by Michael Shell
-- See the "IEEEtran_HOWTO" manual for usage information.
-- http://www.michaelshell.org/tex/ieeetran/
\@IEEEtrantmpdimenA=\dimen140
\@IEEEtrantmpdimenB=\dimen141
\@IEEEtrantmpdimenC=\dimen142
\@IEEEtrantmpcountA=\count187
\@IEEEtrantmpcountB=\count188
\@IEEEtrantmpcountC=\count189
\@IEEEtrantmptoksA=\toks17
LaTeX Font Info:    Trying to load font information for OT1+ptm on input line 5
03.
(/usr/share/texlive/texmf-dist/tex/latex/psnfss/ot1ptm.fd
File: ot1ptm.fd 2001/06/04 font definitions for OT1/ptm.
)
-- Using 8.5in x 11in (letter) paper.
-- Using PDF output.
\@IEEEnormalsizeunitybaselineskip=\dimen143
-- This is a 10 point document.
\CLASSINFOnormalsizebaselineskip=\dimen144
\CLASSINFOnormalsizeunitybaselineskip=\dimen145
\IEEEnormaljot=\dimen146
LaTeX Font Info:    Font shape `OT1/ptm/bx/n' in size <5> not available
(Font)              Font shape `OT1/ptm/b/n' tried instead on input line 1090.
LaTeX Font Info:    Font shape `OT1/ptm/bx/it' in size <5> not available
(Font)              Font shape `OT1/ptm/b/it' tried instead on input line 1090.

LaTeX Font Info:    Font shape `OT1/ptm/bx/n' in size <7> not available
(Font)              Font shape `OT1/ptm/b/n' tried instead on input line 1090.
LaTeX Font Info:    Font shape `OT1/ptm/bx/it' in size <7> not available
(Font)              Font shape `OT1/ptm/b/it' tried instead on input line 1090.

LaTeX Font Info:    Font shape `OT1/ptm/bx/n' in size <8> not available
(Font)              Font shape `OT1/ptm/b/n' tried instead on input line 1090.
LaTeX Font Info:    Font shape `OT1/ptm/bx/it' in size <8> not available
(Font)              Font shape `OT1/ptm/b/it' tried instead on input line 1090.

LaTeX Font Info:    Font shape `OT1/ptm/bx/n' in size <9> not available
(Font)              Font shape `OT1/ptm/b/n' tried instead on input line 1090.
LaTeX Font Info:    Font shape `OT1/ptm/bx/it' in size <9> not available
(Font)              Font shape `OT1/ptm/b/it' tried instead on input line 1090.

LaTeX Font Info:    Font shape `OT1/ptm/bx/n' in size <10> not available
(Font)              Font shape `OT1/ptm/b/n' tried instead on input line 1090.
LaTeX Font Info:    Font shape `OT1/ptm/bx/it' in size <10> not available
(Font)              Font shape `OT1/ptm/b/it' tried instead on input line 1090.

LaTeX Font Info:    Font shape `OT1/ptm/bx/n' in size <11> not available
(Font)              Font shape `OT1/ptm/b/n' tried instead on input line 1090.
LaTeX Font Info:    Font shape `OT1/ptm/bx/it' in size <11> not available
(Font)              Font shape `OT1/ptm/b/it' tried instead on input line 1090.

LaTeX Font Info:    Font shape `OT1/ptm/bx/n' in size <12> not available
(Font)              Font shape `OT1/ptm/b/n' tried instead on input line 1090.
LaTeX Font Info:    Font shape `OT1/ptm/bx/it' in size <12> not available
(Font)              Font shape `OT1/ptm/b/it' tried instead on input line 1090.

LaTeX Font Info:    Font shape `OT1/ptm/bx/n' in size <17> not available
(Font)              Font shape `OT1/ptm/b/n' tried instead on input line 1090.
LaTeX Font Info:    Font shape `OT1/ptm/bx/it' in size <17> not available
(Font)              Font shape `OT1/ptm/b/it' tried instead on input line 1090.

LaTeX Font Info:    Font shape `OT1/ptm/bx/n' in size <20> not available
(Font)              Font shape `OT1/ptm/b/n' tried instead on input line 1090.
LaTeX Font Info:    Font shape `OT1/ptm/bx/it' in size <20> not available
(Font)              Font shape `OT1/ptm/b/it' tried instead on input line 1090.

LaTeX Font Info:    Font shape `OT1/ptm/bx/n' in size <24> not available
(Font)              Font shape `OT1/ptm/b/n' tried instead on input line 1090.
LaTeX Font Info:    Font shape `OT1/ptm/bx/it' in size <24> not available
(Font)              Font shape `OT1/ptm/b/it' tried instead on input line 1090.

\IEEEquantizedlength=\dimen147
\IEEEquantizedlengthdiff=\dimen148
\IEEEquantizedtextheightdiff=\dimen149
\IEEEilabelindentA=\dimen150
\IEEEilabelindentB=\dimen151
\IEEEilabelindent=\dimen152
\IEEEelabelindent=\dimen153
\IEEEdlabelindent=\dimen154
\IEEElabelindent=\dimen155
\IEEEiednormlabelsep=\dimen156
\IEEEiedmathlabelsep=\dimen157
\IEEEiedtopsep=\skip48
\c@section=\count190
\c@subsection=\count191
\c@subsubsection=\count192
\c@paragraph=\count193
\c@IEEEsubequation=\count194
\abovecaptionskip=\skip49
\belowcaptionskip=\skip50
\c@figure=\count195
\c@table=\count196
\@IEEEeqnnumcols=\count197
\@IEEEeqncolcnt=\count198
\@IEEEsubeqnnumrollback=\count199
\@IEEEquantizeheightA=\dimen158
\@IEEEquantizeheightB=\dimen159
\@IEEEquantizeheightC=\dimen160
\@IEEEquantizeprevdepth=\dimen161
\@IEEEquantizemultiple=\count266
\@IEEEquantizeboxA=\box51
\@IEEEtmpitemindent=\dimen162
\IEEEPARstartletwidth=\dimen163
\c@IEEEbiography=\count267
\@IEEEtranrubishbin=\box52
) (/usr/share/texlive/texmf-dist/tex/latex/cite/cite.sty
LaTeX Info: Redefining \cite on input line 302.
LaTeX Info: Redefining \nocite on input line 332.
Package: cite 2015/02/27  v 5.5
)
(/usr/share/texlive/texmf-dist/tex/latex/amsmath/amsmath.sty
Package: amsmath 2023/05/13 v2.17o AMS math features
\@mathmargin=\skip51

For additional information on amsmath, use the `?' option.
(/usr/share/texlive/texmf-dist/tex/latex/amsmath/amstext.sty
Package: amstext 2021/08/26 v2.01 AMS text

(/usr/share/texlive/texmf-dist/tex/latex/amsmath/amsgen.sty
File: amsgen.sty 1999/11/30 v2.0 generic functions
\@emptytoks=\toks18
\ex@=\dimen164
))
(/usr/share/texlive/texmf-dist/tex/latex/amsmath/amsbsy.sty
Package: amsbsy 1999/11/29 v1.2d Bold Symbols
\pmbraise@=\dimen165
)
(/usr/share/texlive/texmf-dist/tex/latex/amsmath/amsopn.sty
Package: amsopn 2022/04/08 v2.04 operator names
)
\inf@bad=\count268
LaTeX Info: Redefining \frac on input line 234.
\uproot@=\count269
\leftroot@=\count270
LaTeX Info: Redefining \overline on input line 399.
LaTeX Info: Redefining \colon on input line 410.
\classnum@=\count271
\DOTSCASE@=\count272
LaTeX Info: Redefining \ldots on input line 496.
LaTeX Info: Redefining \dots on input line 499.
LaTeX Info: Redefining \cdots on input line 620.
\Mathstrutbox@=\box53
\strutbox@=\box54
LaTeX Info: Redefining \big on input line 722.
LaTeX Info: Redefining \Big on input line 723.
LaTeX Info: Redefining \bigg on input line 724.
LaTeX Info: Redefining \Bigg on input line 725.
\big@size=\dimen166
LaTeX Font Info:    Redeclaring font encoding OML on input line 743.
LaTeX Font Info:    Redeclaring font encoding OMS on input line 744.
\macc@depth=\count273
LaTeX Info: Redefining \bmod on input line 905.
LaTeX Info: Redefining \pmod on input line 910.
LaTeX Info: Redefining \smash on input line 940.
LaTeX Info: Redefining \relbar on input line 970.
LaTeX Info: Redefining \Relbar on input line 971.
\c@MaxMatrixCols=\count274
\dotsspace@=\muskip16
\c@parentequation=\count275
\dspbrk@lvl=\count276
\tag@help=\toks19
\row@=\count277
\column@=\count278
\maxfields@=\count279
\andhelp@=\toks20
\eqnshift@=\dimen167
\alignsep@=\dimen168
\tagshift@=\dimen169
\tagwidth@=\dimen170
\totwidth@=\dimen171
\lineht@=\dimen172
\@envbody=\toks21
\multlinegap=\skip52
\multlinetaggap=\skip53
\mathdisplay@stack=\toks22
LaTeX Info: Redefining \[ on input line 2953.
LaTeX Info: Redefining \] on input line 2954.
)
(/usr/share/texlive/texmf-dist/tex/latex/amsfonts/amssymb.sty
Package: amssymb 2013/01/14 v3.01 AMS font symbols

(/usr/share/texlive/texmf-dist/tex/latex/amsfonts/amsfonts.sty
Package: amsfonts 2013/01/14 v3.01 Basic AMSFonts support
\symAMSa=\mathgroup4
\symAMSb=\mathgroup5
LaTeX Font Info:    Redeclaring math symbol \hbar on input line 98.
LaTeX Font Info:    Overwriting math alphabet `\mathfrak' in version `bold'
(Font)                  U/euf/m/n --> U/euf/b/n on input line 106.
))
(/usr/share/texlive/texmf-dist/tex/latex/algorithms/algorithmic.sty
Package: algorithmic 2009/08/24 v0.1 Document Style `algorithmic'

(/usr/share/texlive/texmf-dist/tex/latex/base/ifthen.sty
Package: ifthen 2022/04/13 v1.1d Standard LaTeX ifthen package (DPC)
)
(/usr/share/texlive/texmf-dist/tex/latex/graphics/keyval.sty
Package: keyval 2022/05/29 v1.15 key=value parser (DPC)
\KV@toks@=\toks23
)
\c@ALC@unique=\count280
\c@ALC@line=\count281
\c@ALC@rem=\count282
\c@ALC@depth=\count283
\ALC@tlm=\skip54
\algorithmicindent=\skip55
)
(/usr/share/texlive/texmf-dist/tex/latex/graphics/graphicx.sty
Package: graphicx 2021/09/16 v1.2d Enhanced LaTeX Graphics (DPC,SPQR)

(/usr/share/texlive/texmf-dist/tex/latex/graphics/graphics.sty
Package: graphics 2022/03/10 v1.4e Standard LaTeX Graphics (DPC,SPQR)

(/usr/share/texlive/texmf-dist/tex/latex/graphics/trig.sty
Package: trig 2021/08/11 v1.11 sin cos tan (DPC)
)
(/usr/share/texlive/texmf-dist/tex/latex/graphics-cfg/graphics.cfg
File: graphics.cfg 2016/06/04 v1.11 sample graphics configuration
)
Package graphics Info: Driver file: pdftex.def on input line 107.

(/usr/share/texlive/texmf-dist/tex/latex/graphics-def/pdftex.def
File: pdftex.def 2022/09/22 v1.2b Graphics/color driver for pdftex
))
\Gin@req@height=\dimen173
\Gin@req@width=\dimen174
)
(/usr/share/texlive/texmf-dist/tex/latex/base/textcomp.sty
Package: textcomp 2020/02/02 v2.0n Standard LaTeX package
)
(/usr/share/texlive/texmf-dist/tex/latex/xcolor/xcolor.sty
Package: xcolor 2023/11/15 v3.01 LaTeX color extensions (UK)

(/usr/share/texlive/texmf-dist/tex/latex/graphics-cfg/color.cfg
File: color.cfg 2016/01/02 v1.6 sample color configuration
)
Package xcolor Info: Driver file: pdftex.def on input line 274.

(/usr/share/texlive/texmf-dist/tex/latex/graphics/mathcolor.ltx)
Package xcolor Info: Model `cmy' substituted by `cmy0' on input line 1350.
Package xcolor Info: Model `hsb' substituted by `rgb' on input line 1354.
Package xcolor Info: Model `RGB' extended on input line 1366.
Package xcolor Info: Model `HTML' substituted by `rgb' on input line 1368.
Package xcolor Info: Model `Hsb' substituted by `hsb' on input line 1369.
Package xcolor Info: Model `tHsb' substituted by `hsb' on input line 1370.
Package xcolor Info: Model `HSB' substituted by `hsb' on input line 1371.
Package xcolor Info: Model `Gray' substituted by `gray' on input line 1372.
Package xcolor Info: Model `wave' substituted by `hsb' on input line 1373.
)
(/usr/share/texlive/texmf-dist/tex/latex/listings/listings.sty
\lst@mode=\count284
\lst@gtempboxa=\box55
\lst@token=\toks24
\lst@length=\count285
\lst@currlwidth=\dimen175
\lst@column=\count286
\lst@pos=\count287
\lst@lostspace=\dimen176
\lst@width=\dimen177
\lst@newlines=\count288
\lst@lineno=\count289
\lst@maxwidth=\dimen178

(/usr/share/texlive/texmf-dist/tex/latex/listings/lstmisc.sty
File: lstmisc.sty 2023/02/27 1.9 (Carsten Heinz)
\c@lstnumber=\count290
\lst@skipnumbers=\count291
\lst@framebox=\box56
)
(/usr/share/texlive/texmf-dist/tex/latex/listings/listings.cfg
File: listings.cfg 2023/02/27 1.9 listings configuration
))
Package: listings 2023/02/27 1.9 (Carsten Heinz)

(/usr/share/texlive/texmf-dist/tex/latex/svg/svg.sty
Package: svg 2020/11/26 v2.02k (include SVG pictures)

(/usr/share/texlive/texmf-dist/tex/generic/iftex/iftex.sty
Package: iftex 2022/02/03 v1.0f TeX engine tests
)
(/usr/share/texlive/texmf-dist/tex/latex/koma-script/scrbase.sty
Package: scrbase 2023/07/07 v3.41 KOMA-Script package (KOMA-Script-independent 
basics and keyval usage)

(/usr/share/texlive/texmf-dist/tex/latex/koma-script/scrlfile.sty
Package: scrlfile 2023/07/07 v3.41 KOMA-Script package (file load hooks)

(/usr/share/texlive/texmf-dist/tex/latex/koma-script/scrlfile-hook.sty
Package: scrlfile-hook 2023/07/07 v3.41 KOMA-Script package (using LaTeX hooks)


(/usr/share/texlive/texmf-dist/tex/latex/koma-script/scrlogo.sty
Package: scrlogo 2023/07/07 v3.41 KOMA-Script package (logo)
)))
Applying: [2021/05/01] Usage of raw or classic option list on input line 252.
Already applied: [0000/00/00] Usage of raw or classic option list on input line
 368.
)
(/usr/share/texlive/texmf-dist/tex/generic/pdftexcmds/pdftexcmds.sty
Package: pdftexcmds 2020-06-27 v0.33 Utility functions of pdfTeX for LuaTeX (HO
)

(/usr/share/texlive/texmf-dist/tex/generic/infwarerr/infwarerr.sty
Package: infwarerr 2019/12/03 v1.5 Providing info/warning/error messages (HO)
)
(/usr/share/texlive/texmf-dist/tex/generic/ltxcmds/ltxcmds.sty
Package: ltxcmds 2023-12-04 v1.26 LaTeX kernel commands for general use (HO)
)
Package pdftexcmds Info: \pdf@primitive is available.
Package pdftexcmds Info: \pdf@ifprimitive is available.
Package pdftexcmds Info: \pdfdraftmode found.
)
(/usr/share/texlive/texmf-dist/tex/latex/trimspaces/trimspaces.sty
Package: trimspaces 2009/09/17 v1.1 Trim spaces around a token list
)
(/usr/share/texlive/texmf-dist/tex/latex/tools/shellesc.sty
Package: shellesc 2023/07/08 v1.0d unified shell escape interface for LaTeX
Package shellesc Info: Unrestricted shell escape enabled on input line 75.
)
(/usr/share/texlive/texmf-dist/tex/latex/ifplatform/ifplatform.sty
Package: ifplatform 2017/10/13 v0.4a Testing for the operating system

(/usr/share/texlive/texmf-dist/tex/generic/catchfile/catchfile.sty
Package: catchfile 2019/12/09 v1.8 Catch the contents of a file (HO)

(/usr/share/texlive/texmf-dist/tex/generic/etexcmds/etexcmds.sty
Package: etexcmds 2019/12/15 v1.7 Avoid name clashes with e-TeX commands (HO)
))
(/usr/share/texlive/texmf-dist/tex/generic/iftex/ifluatex.sty
Package: ifluatex 2019/10/25 v1.5 ifluatex legacy package. Use iftex instead.
)
runsystem(uname -s > "paper2.w18")...executed.

 (./paper2.w18)
runsystem(rm -- "paper2.w18")...executed.

)
\c@svg@param@lastpage=\count292
\svg@box=\box57
\c@svg@param@currpage=\count293
) (/usr/share/texlive/texmf-dist/tex/latex/transparent/transparent.sty
Package: transparent 2022-10-27 v1.5 Transparency with color stacks

(/usr/share/texlive/texmf-dist/tex/latex/transparent/transparent-nometadata.sty
Package: transparent-nometadata 2022-10-27 v1.5 Transparency via pdfTeX's color
 stack (HO)
(/usr/share/texlive/texmf-dist/tex/latex/auxhook/auxhook.sty
Package: auxhook 2019-12-17 v1.6 Hooks for auxiliary files (HO)
)))
(/usr/share/texlive/texmf-dist/tex/latex/pgf/systemlayer/pgfsys.sty
(/usr/share/texlive/texmf-dist/tex/latex/pgf/utilities/pgfrcs.sty
(/usr/share/texlive/texmf-dist/tex/generic/pgf/utilities/pgfutil-common.tex
\pgfutil@everybye=\toks25
\pgfutil@tempdima=\dimen179
\pgfutil@tempdimb=\dimen180
)
(/usr/share/texlive/texmf-dist/tex/generic/pgf/utilities/pgfutil-latex.def
\pgfutil@abb=\box58
)
(/usr/share/texlive/texmf-dist/tex/generic/pgf/utilities/pgfrcs.code.tex
(/usr/share/texlive/texmf-dist/tex/generic/pgf/pgf.revision.tex)
Package: pgfrcs 2023-01-15 v3.1.10 (3.1.10)
))
(/usr/share/texlive/texmf-dist/tex/generic/pgf/systemlayer/pgfsys.code.tex
Package: pgfsys 2023-01-15 v3.1.10 (3.1.10)

(/usr/share/texlive/texmf-dist/tex/generic/pgf/utilities/pgfkeys.code.tex
\pgfkeys@pathtoks=\toks26
\pgfkeys@temptoks=\toks27

(/usr/share/texlive/texmf-dist/tex/generic/pgf/utilities/pgfkeyslibraryfiltered
.code.tex
\pgfkeys@tmptoks=\toks28
))
\pgf@x=\dimen181
\pgf@y=\dimen182
\pgf@xa=\dimen183
\pgf@ya=\dimen184
\pgf@xb=\dimen185
\pgf@yb=\dimen186
\pgf@xc=\dimen187
\pgf@yc=\dimen188
\pgf@xd=\dimen189
\pgf@yd=\dimen190
\w@pgf@writea=\write3
\r@pgf@reada=\read2
\c@pgf@counta=\count294
\c@pgf@countb=\count295
\c@pgf@countc=\count296
\c@pgf@countd=\count297
\t@pgf@toka=\toks29
\t@pgf@tokb=\toks30
\t@pgf@tokc=\toks31
\pgf@sys@id@count=\count298
 (/usr/share/texlive/texmf-dist/tex/generic/pgf/systemlayer/pgf.cfg
File: pgf.cfg 2023-01-15 v3.1.10 (3.1.10)
)
Driver file for pgf: pgfsys-pdftex.def
(/usr/share/texlive/texmf-dist/tex/generic/pgf/systemlayer/pgfsys-pdftex.def
File: pgfsys-pdftex.def 2023-01-15 v3.1.10 (3.1.10)

(/usr/share/texlive/texmf-dist/tex/generic/pgf/systemlayer/pgfsys-common-pdf.de
f
File: pgfsys-common-pdf.def 2023-01-15 v3.1.10 (3.1.10)
)))
(/usr/share/texlive/texmf-dist/tex/generic/pgf/systemlayer/pgfsyssoftpath.code.
tex
File: pgfsyssoftpath.code.tex 2023-01-15 v3.1.10 (3.1.10)
\pgfsyssoftpath@smallbuffer@items=\count299
\pgfsyssoftpath@bigbuffer@items=\count300
)
(/usr/share/texlive/texmf-dist/tex/generic/pgf/systemlayer/pgfsysprotocol.code.
tex
File: pgfsysprotocol.code.tex 2023-01-15 v3.1.10 (3.1.10)
)) (/usr/share/texlive/texmf-dist/tex/latex/placeins/placeins.sty
Package: placeins 2005/04/18  v 2.2
)
(/usr/share/texlive/texmf-dist/tex/latex/listings/lstlang1.sty
File: lstlang1.sty 2023/02/27 1.9 listings language file
)
(/usr/share/texlive/texmf-dist/tex/latex/listings/lstlang2.sty
File: lstlang2.sty 2023/02/27 1.9 listings language file
)
(/usr/share/texlive/texmf-dist/tex/latex/listings/lstlang3.sty
File: lstlang3.sty 2023/02/27 1.9 listings language file
)
(/usr/share/texlive/texmf-dist/tex/latex/l3backend/l3backend-pdftex.def
File: l3backend-pdftex.def 2024-01-04 L3 backend support: PDF output (pdfTeX)
\l__color_backend_stack_int=\count301
\l__pdf_internal_box=\box59
)
(./paper2.aux)
\openout1 = `paper2.aux'.

LaTeX Font Info:    Checking defaults for OML/cmm/m/it on input line 24.
LaTeX Font Info:    ... okay on input line 24.
LaTeX Font Info:    Checking defaults for OMS/cmsy/m/n on input line 24.
LaTeX Font Info:    ... okay on input line 24.
LaTeX Font Info:    Checking defaults for OT1/cmr/m/n on input line 24.
LaTeX Font Info:    ... okay on input line 24.
LaTeX Font Info:    Checking defaults for T1/cmr/m/n on input line 24.
LaTeX Font Info:    ... okay on input line 24.
LaTeX Font Info:    Checking defaults for TS1/cmr/m/n on input line 24.
LaTeX Font Info:    ... okay on input line 24.
LaTeX Font Info:    Checking defaults for OMX/cmex/m/n on input line 24.
LaTeX Font Info:    ... okay on input line 24.
LaTeX Font Info:    Checking defaults for U/cmr/m/n on input line 24.
LaTeX Font Info:    ... okay on input line 24.

-- Lines per column: 56 (exact).
(/usr/share/texlive/texmf-dist/tex/context/base/mkii/supp-pdf.mkii
[Loading MPS to PDF converter (version 2006.09.02).]
\scratchcounter=\count302
\scratchdimen=\dimen191
\scratchbox=\box60
\nofMPsegments=\count303
\nofMParguments=\count304
\everyMPshowfont=\toks32
\MPscratchCnt=\count305
\MPscratchDim=\dimen192
\MPnumerator=\count306
\makeMPintoPDFobject=\count307
\everyMPtoPDFconversion=\toks33
) (/usr/share/texlive/texmf-dist/tex/latex/epstopdf-pkg/epstopdf-base.sty
Package: epstopdf-base 2020-01-24 v2.11 Base part for package epstopdf
Package epstopdf-base Info: Redefining graphics rule for `.eps' on input line 4
85.

(/usr/share/texlive/texmf-dist/tex/latex/latexconfig/epstopdf-sys.cfg
File: epstopdf-sys.cfg 2010/07/13 v1.3 Configuration of (r)epstopdf for TeX Liv
e
))
\c@lstlisting=\count308
LaTeX Font Info:    Trying to load font information for U+msa on input line 49.


(/usr/share/texlive/texmf-dist/tex/latex/amsfonts/umsa.fd
File: umsa.fd 2013/01/14 v3.01 AMS symbols A
)
LaTeX Font Info:    Trying to load font information for U+msb on input line 49.


(/usr/share/texlive/texmf-dist/tex/latex/amsfonts/umsb.fd
File: umsb.fd 2013/01/14 v3.01 AMS symbols B
)
LaTeX Font Info:    Trying to load font information for TS1+ptm on input line 5
8.

(/usr/share/texlive/texmf-dist/tex/latex/psnfss/ts1ptm.fd
File: ts1ptm.fd 2001/06/04 font definitions for TS1/ptm.
)
Underfull \hbox (badness 2799) in paragraph at lines 66--68
[]\OT1/ptm/m/n/10 Unlike gen-er-al-ized global world-state im-ple-men-ta-tions
 []

LaTeX Font Info:    Trying to load font information for OT1+pcr on input line 6
8.
(/usr/share/texlive/texmf-dist/tex/latex/psnfss/ot1pcr.fd
File: ot1pcr.fd 2001/06/04 font definitions for OT1/pcr.
)
Underfull \hbox (badness 6708) in paragraph at lines 80--81
[]\OT1/ptm/b/n/10 Branch Node: \OT1/ptm/m/n/10 Is an ar-ray of 16 slot hashes
 []

[1{/var/lib/texmf/fonts/map/pdftex/updmap/pdftex.map}{/usr/share/texlive/texmf-
dist/fonts/enc/dvips/base/8r.enc}


]
Package svg Info: Last page of `./svg-inkscape/MPT_svg-tex.pdf' is 33 on input 
line 86.
 (./svg-inkscape/MPT_svg-tex.pdf_tex
<./svg-inkscape/MPT_svg-tex.pdf, id=19, page=1, 338.01282pt x 301.8778pt>
File: ./svg-inkscape/MPT_svg-tex.pdf Graphic file (type pdf)
<use ./svg-inkscape/MPT_svg-tex.pdf, page 1>
Package pdftex.def Info: ./svg-inkscape/MPT_svg-tex.pdf , page1 used on input l
ine 56.
(pdftex.def)             Requested size: 252.0pt x 225.06737pt.
<./svg-inkscape/MPT_svg-tex.pdf, id=20, page=2, 338.01282pt x 301.8778pt>
File: ./svg-inkscape/MPT_svg-tex.pdf Graphic file (type pdf)
<use ./svg-inkscape/MPT_svg-tex.pdf, page 2>
Package pdftex.def Info: ./svg-inkscape/MPT_svg-tex.pdf , page2 used on input l
ine 58.
(pdftex.def)             Requested size: 252.0pt x 225.06737pt.
<./svg-inkscape/MPT_svg-tex.pdf, id=21, page=3, 338.01282pt x 301.8778pt>
File: ./svg-inkscape/MPT_svg-tex.pdf Graphic file (type pdf)
<use ./svg-inkscape/MPT_svg-tex.pdf, page 3>
Package pdftex.def Info: ./svg-inkscape/MPT_svg-tex.pdf , page3 used on input l
ine 60.
(pdftex.def)             Requested size: 252.0pt x 225.06737pt.
<./svg-inkscape/MPT_svg-tex.pdf, id=22, page=4, 338.01282pt x 301.8778pt>
File: ./svg-inkscape/MPT_svg-tex.pdf Graphic file (type pdf)
<use ./svg-inkscape/MPT_svg-tex.pdf, page 4>
Package pdftex.def Info: ./svg-inkscape/MPT_svg-tex.pdf , page4 used on input l
ine 62.
(pdftex.def)             Requested size: 252.0pt x 225.06737pt.
<./svg-inkscape/MPT_svg-tex.pdf, id=23, page=5, 338.01282pt x 301.8778pt>
File: ./svg-inkscape/MPT_svg-tex.pdf Graphic file (type pdf)
<use ./svg-inkscape/MPT_svg-tex.pdf, page 5>
Package pdftex.def Info: ./svg-inkscape/MPT_svg-tex.pdf , page5 used on input l
ine 64.
(pdftex.def)             Requested size: 252.0pt x 225.06737pt.
<./svg-inkscape/MPT_svg-tex.pdf, id=24, page=6, 338.01282pt x 301.8778pt>
File: ./svg-inkscape/MPT_svg-tex.pdf Graphic file (type pdf)
<use ./svg-inkscape/MPT_svg-tex.pdf, page 6>
Package pdftex.def Info: ./svg-inkscape/MPT_svg-tex.pdf , page6 used on input l
ine 66.
(pdftex.def)             Requested size: 252.0pt x 225.06737pt.
<./svg-inkscape/MPT_svg-tex.pdf, id=25, page=7, 338.01282pt x 301.8778pt>
File: ./svg-inkscape/MPT_svg-tex.pdf Graphic file (type pdf)
<use ./svg-inkscape/MPT_svg-tex.pdf, page 7>
Package pdftex.def Info: ./svg-inkscape/MPT_svg-tex.pdf , page7 used on input l
ine 68.
(pdftex.def)             Requested size: 252.0pt x 225.06737pt.
<./svg-inkscape/MPT_svg-tex.pdf, id=26, page=8, 338.01282pt x 301.8778pt>
File: ./svg-inkscape/MPT_svg-tex.pdf Graphic file (type pdf)
<use ./svg-inkscape/MPT_svg-tex.pdf, page 8>
Package pdftex.def Info: ./svg-inkscape/MPT_svg-tex.pdf , page8 used on input l
ine 70.
(pdftex.def)             Requested size: 252.0pt x 225.06737pt.
<./svg-inkscape/MPT_svg-tex.pdf, id=27, page=9, 338.01282pt x 301.8778pt>
File: ./svg-inkscape/MPT_svg-tex.pdf Graphic file (type pdf)
<use ./svg-inkscape/MPT_svg-tex.pdf, page 9>
Package pdftex.def Info: ./svg-inkscape/MPT_svg-tex.pdf , page9 used on input l
ine 72.
(pdftex.def)             Requested size: 252.0pt x 225.06737pt.
<./svg-inkscape/MPT_svg-tex.pdf, id=28, page=10, 338.01282pt x 301.8778pt>
File: ./svg-inkscape/MPT_svg-tex.pdf Graphic file (type pdf)
<use ./svg-inkscape/MPT_svg-tex.pdf, page 10>
Package pdftex.def Info: ./svg-inkscape/MPT_svg-tex.pdf , page10 used on input 
line 74.
(pdftex.def)             Requested size: 252.0pt x 225.06737pt.
<./svg-inkscape/MPT_svg-tex.pdf, id=29, page=11, 338.01282pt x 301.8778pt>
File: ./svg-inkscape/MPT_svg-tex.pdf Graphic file (type pdf)
<use ./svg-inkscape/MPT_svg-tex.pdf, page 11>
Package pdftex.def Info: ./svg-inkscape/MPT_svg-tex.pdf , page11 used on input 
line 76.
(pdftex.def)             Requested size: 252.0pt x 225.06737pt.
<./svg-inkscape/MPT_svg-tex.pdf, id=30, page=12, 338.01282pt x 301.8778pt>
File: ./svg-inkscape/MPT_svg-tex.pdf Graphic file (type pdf)
<use ./svg-inkscape/MPT_svg-tex.pdf, page 12>
Package pdftex.def Info: ./svg-inkscape/MPT_svg-tex.pdf , page12 used on input 
line 78.
(pdftex.def)             Requested size: 252.0pt x 225.06737pt.
<./svg-inkscape/MPT_svg-tex.pdf, id=31, page=13, 338.01282pt x 301.8778pt>
File: ./svg-inkscape/MPT_svg-tex.pdf Graphic file (type pdf)
<use ./svg-inkscape/MPT_svg-tex.pdf, page 13>
Package pdftex.def Info: ./svg-inkscape/MPT_svg-tex.pdf , page13 used on input 
line 80.
(pdftex.def)             Requested size: 252.0pt x 225.06737pt.
<./svg-inkscape/MPT_svg-tex.pdf, id=32, page=14, 338.01282pt x 301.8778pt>
File: ./svg-inkscape/MPT_svg-tex.pdf Graphic file (type pdf)
<use ./svg-inkscape/MPT_svg-tex.pdf, page 14>
Package pdftex.def Info: ./svg-inkscape/MPT_svg-tex.pdf , page14 used on input 
line 82.
(pdftex.def)             Requested size: 252.0pt x 225.06737pt.
<./svg-inkscape/MPT_svg-tex.pdf, id=33, page=15, 338.01282pt x 301.8778pt>
File: ./svg-inkscape/MPT_svg-tex.pdf Graphic file (type pdf)
<use ./svg-inkscape/MPT_svg-tex.pdf, page 15>
Package pdftex.def Info: ./svg-inkscape/MPT_svg-tex.pdf , page15 used on input 
line 84.
(pdftex.def)             Requested size: 252.0pt x 225.06737pt.
<./svg-inkscape/MPT_svg-tex.pdf, id=34, page=16, 338.01282pt x 301.8778pt>
File: ./svg-inkscape/MPT_svg-tex.pdf Graphic file (type pdf)
<use ./svg-inkscape/MPT_svg-tex.pdf, page 16>
Package pdftex.def Info: ./svg-inkscape/MPT_svg-tex.pdf , page16 used on input 
line 86.
(pdftex.def)             Requested size: 252.0pt x 225.06737pt.
<./svg-inkscape/MPT_svg-tex.pdf, id=35, page=17, 338.01282pt x 301.8778pt>
File: ./svg-inkscape/MPT_svg-tex.pdf Graphic file (type pdf)
<use ./svg-inkscape/MPT_svg-tex.pdf, page 17>
Package pdftex.def Info: ./svg-inkscape/MPT_svg-tex.pdf , page17 used on input 
line 88.
(pdftex.def)             Requested size: 252.0pt x 225.06737pt.
<./svg-inkscape/MPT_svg-tex.pdf, id=36, page=18, 338.01282pt x 301.8778pt>
File: ./svg-inkscape/MPT_svg-tex.pdf Graphic file (type pdf)
<use ./svg-inkscape/MPT_svg-tex.pdf, page 18>
Package pdftex.def Info: ./svg-inkscape/MPT_svg-tex.pdf , page18 used on input 
line 90.
(pdftex.def)             Requested size: 252.0pt x 225.06737pt.
<./svg-inkscape/MPT_svg-tex.pdf, id=37, page=19, 338.01282pt x 301.8778pt>
File: ./svg-inkscape/MPT_svg-tex.pdf Graphic file (type pdf)
<use ./svg-inkscape/MPT_svg-tex.pdf, page 19>
Package pdftex.def Info: ./svg-inkscape/MPT_svg-tex.pdf , page19 used on input 
line 92.
(pdftex.def)             Requested size: 252.0pt x 225.06737pt.
<./svg-inkscape/MPT_svg-tex.pdf, id=38, page=20, 338.01282pt x 301.8778pt>
File: ./svg-inkscape/MPT_svg-tex.pdf Graphic file (type pdf)
<use ./svg-inkscape/MPT_svg-tex.pdf, page 20>
Package pdftex.def Info: ./svg-inkscape/MPT_svg-tex.pdf , page20 used on input 
line 94.
(pdftex.def)             Requested size: 252.0pt x 225.06737pt.
<./svg-inkscape/MPT_svg-tex.pdf, id=39, page=21, 338.01282pt x 301.8778pt>
File: ./svg-inkscape/MPT_svg-tex.pdf Graphic file (type pdf)
<use ./svg-inkscape/MPT_svg-tex.pdf, page 21>
Package pdftex.def Info: ./svg-inkscape/MPT_svg-tex.pdf , page21 used on input 
line 96.
(pdftex.def)             Requested size: 252.0pt x 225.06737pt.
<./svg-inkscape/MPT_svg-tex.pdf, id=40, page=22, 338.01282pt x 301.8778pt>
File: ./svg-inkscape/MPT_svg-tex.pdf Graphic file (type pdf)
<use ./svg-inkscape/MPT_svg-tex.pdf, page 22>
Package pdftex.def Info: ./svg-inkscape/MPT_svg-tex.pdf , page22 used on input 
line 98.
(pdftex.def)             Requested size: 252.0pt x 225.06737pt.
<./svg-inkscape/MPT_svg-tex.pdf, id=41, page=23, 338.01282pt x 301.8778pt>
File: ./svg-inkscape/MPT_svg-tex.pdf Graphic file (type pdf)
<use ./svg-inkscape/MPT_svg-tex.pdf, page 23>
Package pdftex.def Info: ./svg-inkscape/MPT_svg-tex.pdf , page23 used on input 
line 100.
(pdftex.def)             Requested size: 252.0pt x 225.06737pt.
<./svg-inkscape/MPT_svg-tex.pdf, id=42, page=24, 338.01282pt x 301.8778pt>
File: ./svg-inkscape/MPT_svg-tex.pdf Graphic file (type pdf)
<use ./svg-inkscape/MPT_svg-tex.pdf, page 24>
Package pdftex.def Info: ./svg-inkscape/MPT_svg-tex.pdf , page24 used on input 
line 102.
(pdftex.def)             Requested size: 252.0pt x 225.06737pt.
<./svg-inkscape/MPT_svg-tex.pdf, id=43, page=25, 338.01282pt x 301.8778pt>
File: ./svg-inkscape/MPT_svg-tex.pdf Graphic file (type pdf)
<use ./svg-inkscape/MPT_svg-tex.pdf, page 25>
Package pdftex.def Info: ./svg-inkscape/MPT_svg-tex.pdf , page25 used on input 
line 104.
(pdftex.def)             Requested size: 252.0pt x 225.06737pt.
<./svg-inkscape/MPT_svg-tex.pdf, id=44, page=26, 338.01282pt x 301.8778pt>
File: ./svg-inkscape/MPT_svg-tex.pdf Graphic file (type pdf)
<use ./svg-inkscape/MPT_svg-tex.pdf, page 26>
Package pdftex.def Info: ./svg-inkscape/MPT_svg-tex.pdf , page26 used on input 
line 106.
(pdftex.def)             Requested size: 252.0pt x 225.06737pt.
<./svg-inkscape/MPT_svg-tex.pdf, id=45, page=27, 338.01282pt x 301.8778pt>
File: ./svg-inkscape/MPT_svg-tex.pdf Graphic file (type pdf)
<use ./svg-inkscape/MPT_svg-tex.pdf, page 27>
Package pdftex.def Info: ./svg-inkscape/MPT_svg-tex.pdf , page27 used on input 
line 108.
(pdftex.def)             Requested size: 252.0pt x 225.06737pt.
<./svg-inkscape/MPT_svg-tex.pdf, id=46, page=28, 338.01282pt x 301.8778pt>
File: ./svg-inkscape/MPT_svg-tex.pdf Graphic file (type pdf)
<use ./svg-inkscape/MPT_svg-tex.pdf, page 28>
Package pdftex.def Info: ./svg-inkscape/MPT_svg-tex.pdf , page28 used on input 
line 110.
(pdftex.def)             Requested size: 252.0pt x 225.06737pt.
<./svg-inkscape/MPT_svg-tex.pdf, id=47, page=29, 338.01282pt x 301.8778pt>
File: ./svg-inkscape/MPT_svg-tex.pdf Graphic file (type pdf)
<use ./svg-inkscape/MPT_svg-tex.pdf, page 29>
Package pdftex.def Info: ./svg-inkscape/MPT_svg-tex.pdf , page29 used on input 
line 112.
(pdftex.def)             Requested size: 252.0pt x 225.06737pt.
<./svg-inkscape/MPT_svg-tex.pdf, id=48, page=30, 338.01282pt x 301.8778pt>
File: ./svg-inkscape/MPT_svg-tex.pdf Graphic file (type pdf)
<use ./svg-inkscape/MPT_svg-tex.pdf, page 30>
Package pdftex.def Info: ./svg-inkscape/MPT_svg-tex.pdf , page30 used on input 
line 114.
(pdftex.def)             Requested size: 252.0pt x 225.06737pt.
<./svg-inkscape/MPT_svg-tex.pdf, id=49, page=31, 338.01282pt x 301.8778pt>
File: ./svg-inkscape/MPT_svg-tex.pdf Graphic file (type pdf)
<use ./svg-inkscape/MPT_svg-tex.pdf, page 31>
Package pdftex.def Info: ./svg-inkscape/MPT_svg-tex.pdf , page31 used on input 
line 116.
(pdftex.def)             Requested size: 252.0pt x 225.06737pt.
<./svg-inkscape/MPT_svg-tex.pdf, id=50, page=32, 338.01282pt x 301.8778pt>
File: ./svg-inkscape/MPT_svg-tex.pdf Graphic file (type pdf)
<use ./svg-inkscape/MPT_svg-tex.pdf, page 32>
Package pdftex.def Info: ./svg-inkscape/MPT_svg-tex.pdf , page32 used on input 
line 118.
(pdftex.def)             Requested size: 252.0pt x 225.06737pt.
<./svg-inkscape/MPT_svg-tex.pdf, id=51, page=33, 338.01282pt x 301.8778pt>
File: ./svg-inkscape/MPT_svg-tex.pdf Graphic file (type pdf)
<use ./svg-inkscape/MPT_svg-tex.pdf, page 33>
Package pdftex.def Info: ./svg-inkscape/MPT_svg-tex.pdf , page33 used on input 
line 120.
(pdftex.def)             Requested size: 252.0pt x 225.06737pt.
)
Underfull \hbox (badness 1521) in paragraph at lines 122--123
[]\OT1/ptm/b/n/10 The Stor-age Man-age-ment Layer: \OT1/ptm/m/n/10 Uti-lizes an
 in-
 []

<./images/simplest_diagram.png, id=52, 1896.08376pt x 911.405pt>
File: ./images/simplest_diagram.png Graphic file (type png)
<use ./images/simplest_diagram.png>
Package pdftex.def Info: ./images/simplest_diagram.png  used on input line 128.

(pdftex.def)             Requested size: 516.0pt x 248.0296pt.
[2 <./svg-inkscape/MPT_svg-tex.pdf> <./svg-inkscape/MPT_svg-tex.pdf

pdfTeX warning: /usr/bin/pdflatex (file ./svg-inkscape/MPT_svg-tex.pdf): PDF in
clusion: multiple pdfs with page group included in a single page
> <./svg-inkscape/MPT_svg-tex.pdf

pdfTeX warning: /usr/bin/pdflatex (file ./svg-inkscape/MPT_svg-tex.pdf): PDF in
clusion: multiple pdfs with page group included in a single page
> <./svg-inkscape/MPT_svg-tex.pdf

pdfTeX warning: /usr/bin/pdflatex (file ./svg-inkscape/MPT_svg-tex.pdf): PDF in
clusion: multiple pdfs with page group included in a single page
> <./svg-inkscape/MPT_svg-tex.pdf

pdfTeX warning: /usr/bin/pdflatex (file ./svg-inkscape/MPT_svg-tex.pdf): PDF in
clusion: multiple pdfs with page group included in a single page
> <./svg-inkscape/MPT_svg-tex.pdf

pdfTeX warning: /usr/bin/pdflatex (file ./svg-inkscape/MPT_svg-tex.pdf): PDF in
clusion: multiple pdfs with page group included in a single page
> <./svg-inkscape/MPT_svg-tex.pdf

pdfTeX warning: /usr/bin/pdflatex (file ./svg-inkscape/MPT_svg-tex.pdf): PDF in
clusion: multiple pdfs with page group included in a single page
> <./svg-inkscape/MPT_svg-tex.pdf

pdfTeX warning: /usr/bin/pdflatex (file ./svg-inkscape/MPT_svg-tex.pdf): PDF in
clusion: multiple pdfs with page group included in a single page
> <./svg-inkscape/MPT_svg-tex.pdf

pdfTeX warning: /usr/bin/pdflatex (file ./svg-inkscape/MPT_svg-tex.pdf): PDF in
clusion: multiple pdfs with page group included in a single page
> <./svg-inkscape/MPT_svg-tex.pdf

pdfTeX warning: /usr/bin/pdflatex (file ./svg-inkscape/MPT_svg-tex.pdf): PDF in
clusion: multiple pdfs with page group included in a single page
> <./svg-inkscape/MPT_svg-tex.pdf

pdfTeX warning: /usr/bin/pdflatex (file ./svg-inkscape/MPT_svg-tex.pdf): PDF in
clusion: multiple pdfs with page group included in a single page
> <./svg-inkscape/MPT_svg-tex.pdf

pdfTeX warning: /usr/bin/pdflatex (file ./svg-inkscape/MPT_svg-tex.pdf): PDF in
clusion: multiple pdfs with page group included in a single page
> <./svg-inkscape/MPT_svg-tex.pdf

pdfTeX warning: /usr/bin/pdflatex (file ./svg-inkscape/MPT_svg-tex.pdf): PDF in
clusion: multiple pdfs with page group included in a single page
> <./svg-inkscape/MPT_svg-tex.pdf

pdfTeX warning: /usr/bin/pdflatex (file ./svg-inkscape/MPT_svg-tex.pdf): PDF in
clusion: multiple pdfs with page group included in a single page
> <./svg-inkscape/MPT_svg-tex.pdf

pdfTeX warning: /usr/bin/pdflatex (file ./svg-inkscape/MPT_svg-tex.pdf): PDF in
clusion: multiple pdfs with page group included in a single page
> <./svg-inkscape/MPT_svg-tex.pdf

pdfTeX warning: /usr/bin/pdflatex (file ./svg-inkscape/MPT_svg-tex.pdf): PDF in
clusion: multiple pdfs with page group included in a single page
> <./svg-inkscape/MPT_svg-tex.pdf

pdfTeX warning: /usr/bin/pdflatex (file ./svg-inkscape/MPT_svg-tex.pdf): PDF in
clusion: multiple pdfs with page group included in a single page
> <./svg-inkscape/MPT_svg-tex.pdf

pdfTeX warning: /usr/bin/pdflatex (file ./svg-inkscape/MPT_svg-tex.pdf): PDF in
clusion: multiple pdfs with page group included in a single page
> <./svg-inkscape/MPT_svg-tex.pdf

pdfTeX warning: /usr/bin/pdflatex (file ./svg-inkscape/MPT_svg-tex.pdf): PDF in
clusion: multiple pdfs with page group included in a single page
> <./svg-inkscape/MPT_svg-tex.pdf

pdfTeX warning: /usr/bin/pdflatex (file ./svg-inkscape/MPT_svg-tex.pdf): PDF in
clusion: multiple pdfs with page group included in a single page
> <./svg-inkscape/MPT_svg-tex.pdf

pdfTeX warning: /usr/bin/pdflatex (file ./svg-inkscape/MPT_svg-tex.pdf): PDF in
clusion: multiple pdfs with page group included in a single page
> <./svg-inkscape/MPT_svg-tex.pdf

pdfTeX warning: /usr/bin/pdflatex (file ./svg-inkscape/MPT_svg-tex.pdf): PDF in
clusion: multiple pdfs with page group included in a single page
> <./svg-inkscape/MPT_svg-tex.pdf

pdfTeX warning: /usr/bin/pdflatex (file ./svg-inkscape/MPT_svg-tex.pdf): PDF in
clusion: multiple pdfs with page group included in a single page
> <./svg-inkscape/MPT_svg-tex.pdf

pdfTeX warning: /usr/bin/pdflatex (file ./svg-inkscape/MPT_svg-tex.pdf): PDF in
clusion: multiple pdfs with page group included in a single page
> <./svg-inkscape/MPT_svg-tex.pdf

pdfTeX warning: /usr/bin/pdflatex (file ./svg-inkscape/MPT_svg-tex.pdf): PDF in
clusion: multiple pdfs with page group included in a single page
> <./svg-inkscape/MPT_svg-tex.pdf

pdfTeX warning: /usr/bin/pdflatex (file ./svg-inkscape/MPT_svg-tex.pdf): PDF in
clusion: multiple pdfs with page group included in a single page
> <./svg-inkscape/MPT_svg-tex.pdf

pdfTeX warning: /usr/bin/pdflatex (file ./svg-inkscape/MPT_svg-tex.pdf): PDF in
clusion: multiple pdfs with page group included in a single page
> <./svg-inkscape/MPT_svg-tex.pdf

pdfTeX warning: /usr/bin/pdflatex (file ./svg-inkscape/MPT_svg-tex.pdf): PDF in
clusion: multiple pdfs with page group included in a single page
> <./svg-inkscape/MPT_svg-tex.pdf

pdfTeX warning: /usr/bin/pdflatex (file ./svg-inkscape/MPT_svg-tex.pdf): PDF in
clusion: multiple pdfs with page group included in a single page
> <./svg-inkscape/MPT_svg-tex.pdf

pdfTeX warning: /usr/bin/pdflatex (file ./svg-inkscape/MPT_svg-tex.pdf): PDF in
clusion: multiple pdfs with page group included in a single page
> <./svg-inkscape/MPT_svg-tex.pdf

pdfTeX warning: /usr/bin/pdflatex (file ./svg-inkscape/MPT_svg-tex.pdf): PDF in
clusion: multiple pdfs with page group included in a single page
> <./svg-inkscape/MPT_svg-tex.pdf

pdfTeX warning: /usr/bin/pdflatex (file ./svg-inkscape/MPT_svg-tex.pdf): PDF in
clusion: multiple pdfs with page group included in a single page
> <./svg-inkscape/MPT_svg-tex.pdf

pdfTeX warning: /usr/bin/pdflatex (file ./svg-inkscape/MPT_svg-tex.pdf): PDF in
clusion: multiple pdfs with page group included in a single page
>]
Package svg Info: Last page of `./svg-inkscape/architecture_svg-tex.pdf' is 1 o
n input line 137.
 (./svg-inkscape/architecture_svg-tex.pdf_tex
<./svg-inkscape/architecture_svg-tex.pdf, id=60, page=1, 362.47922pt x 261.9787
4pt>
File: ./svg-inkscape/architecture_svg-tex.pdf Graphic file (type pdf)
<use ./svg-inkscape/architecture_svg-tex.pdf, page 1>
Package pdftex.def Info: ./svg-inkscape/architecture_svg-tex.pdf , page1 used o
n input line 56.
(pdftex.def)             Requested size: 252.0pt x 182.13266pt.
)

** Conference Paper **
Before submitting the final camera ready copy, remember to:

 1. Manually equalize the lengths of two columns on the last page
 of your paper;

 2. Ensure that any PostScript and/or PDF output post-processing
 uses only Type 1 fonts and that every step in the generation
 process uses the appropriate paper size.

[3 <./images/simplest_diagram.png> <./svg-inkscape/architecture_svg-tex.pdf>]
(./paper2.aux)
 ***********
LaTeX2e <2023-11-01> patch level 1
L3 programming layer <2024-01-22>
 ***********
 ) 
Here is how much of TeX's memory you used:
 8298 strings out of 474222
 149679 string characters out of 5748732
 1952975 words of memory out of 5000000
 30371 multiletter control sequences out of 15000+600000
 591071 words of font info for 96 fonts, out of 8000000 for 9000
 1141 hyphenation exceptions out of 8191
 94i,14n,93p,823b,481s stack positions out of 10000i,1000n,20000p,200000b,200000s
</usr/share/texlive/texmf-dist/fonts/type1/public/amsfonts/cm/cmmi10.pfb></us
r/share/texlive/texmf-dist/fonts/type1/public/amsfonts/cm/cmr10.pfb></usr/share
/texlive/texmf-dist/fonts/type1/public/amsfonts/cm/cmsy10.pfb></usr/share/texli
ve/texmf-dist/fonts/type1/public/amsfonts/cm/cmsy7.pfb></usr/share/texlive/texm
f-dist/fonts/type1/urw/courier/ucrr8a.pfb></usr/share/texlive/texmf-dist/fonts/
type1/urw/times/utmb8a.pfb></usr/share/texlive/texmf-dist/fonts/type1/urw/times
/utmbi8a.pfb></usr/share/texlive/texmf-dist/fonts/type1/urw/times/utmr8a.pfb></
usr/share/texlive/texmf-dist/fonts/type1/urw/times/utmri8a.pfb>
Output written on paper2.pdf (3 pages, 254736 bytes).
PDF statistics:
 166 PDF objects out of 1000 (max. 8388607)
 77 compressed objects within 1 object stream
 0 named destinations out of 1000 (max. 500000)
 198 words of extra memory for PDF output out of 10000 (max. 10000000)

